
> saiteki-study-doc@1.0.0 docs:build
> vitepress build docs


  vitepress v1.6.4

- building client + server bundles...


(!) Found dead link /training/management/progress_tracker in file index.md

If this is expected, you can disable this check via config. Refer: https://vitepress.dev/reference/site-config#ignoredeadlinks

x Build failed in 4.76s
[31m✖[0m building client + server bundles...
build error:
[vitepress] 1 dead link(s) found.
[vitepress] 1 dead link(s) found.
    at Object.renderStart (file:///Users/sugimotokouichi/.gemini/antigravity/playground/azimuthal-coronal/node_modules/vitepress/dist/node/chunk-D3CUZ4fa.js:45027:15)
    at file:///Users/sugimotokouichi/.gemini/antigravity/playground/azimuthal-coronal/node_modules/rollup/dist/es/shared/node-entry.js:22451:40
    at async Promise.all (index 0)
    at async PluginDriver.hookParallel (file:///Users/sugimotokouichi/.gemini/antigravity/playground/azimuthal-coronal/node_modules/rollup/dist/es/shared/node-entry.js:22361:9)
    at async Bundle.generate (file:///Users/sugimotokouichi/.gemini/antigravity/playground/azimuthal-coronal/node_modules/rollup/dist/es/shared/node-entry.js:20558:13)
    at async file:///Users/sugimotokouichi/.gemini/antigravity/playground/azimuthal-coronal/node_modules/rollup/dist/es/shared/node-entry.js:23438:27
    at async catchUnfinishedHookActions (file:///Users/sugimotokouichi/.gemini/antigravity/playground/azimuthal-coronal/node_modules/rollup/dist/es/shared/node-entry.js:22805:16)
